// Jest Snapshot v1, https://goo.gl/fbAQLP

exports[`whoisonline should work when API response is empty 1`] = `
Object {
  "pathname": "/s:test/get/ps2:v2/outfit_member",
  "searchParams": Object {
    "c:join": Array [
      "character_name^on:character_id^inject_at:character^show:name.first",
      "characters_online_status^on:character_id^inject_at:character^show:name.first",
    ],
    "c:limit": "65535",
    "c:show": "character_id",
    "outfit_id": "37581022577821398",
  },
}
`;

exports[`whoisonline should work when everyone is offline 1`] = `
Object {
  "pathname": "/s:test/get/ps2:v2/outfit_member",
  "searchParams": Object {
    "c:join": Array [
      "character_name^on:character_id^inject_at:character^show:name.first",
      "characters_online_status^on:character_id^inject_at:character^show:name.first",
    ],
    "c:limit": "65535",
    "c:show": "character_id",
    "outfit_id": "37581022577821398",
  },
}
`;

exports[`whoisonline should work when one member is online 1`] = `
Object {
  "pathname": "/s:test/get/ps2:v2/outfit_member",
  "searchParams": Object {
    "c:join": Array [
      "character_name^on:character_id^inject_at:character^show:name.first",
      "characters_online_status^on:character_id^inject_at:character^show:name.first",
    ],
    "c:limit": "65535",
    "c:show": "character_id",
    "outfit_id": "37581022577821398",
  },
}
`;

exports[`whoisonline should work when some members are online 1`] = `
Object {
  "pathname": "/s:test/get/ps2:v2/outfit_member",
  "searchParams": Object {
    "c:join": Array [
      "character_name^on:character_id^inject_at:character^show:name.first",
      "characters_online_status^on:character_id^inject_at:character^show:name.first",
    ],
    "c:limit": "65535",
    "c:show": "character_id",
    "outfit_id": "37581022577821398",
  },
}
`;
